#! /c/Source/iverilog-install/bin/vvp
:ivl_version "12.0 (devel)" "(s20150603-1539-g2693dd32b)";
:ivl_delay_selection "TYPICAL";
:vpi_time_precision + 0;
:vpi_module "C:\iverilog\lib\ivl\system.vpi";
:vpi_module "C:\iverilog\lib\ivl\vhdl_sys.vpi";
:vpi_module "C:\iverilog\lib\ivl\vhdl_textio.vpi";
:vpi_module "C:\iverilog\lib\ivl\v2005_math.vpi";
:vpi_module "C:\iverilog\lib\ivl\va_math.vpi";
S_000001aa2c06d690 .scope module, "alu_tb" "alu_tb" 2 1;
 .timescale 0 0;
v000001aa2c06bb50_0 .var "a", 7 0;
v000001aa2c06bbf0_0 .var "b", 7 0;
v000001aa2c06bc90_0 .net "carry", 0 0, v000001aa2c06d9b0_0;  1 drivers
v000001aa2c06bd30_0 .var "op", 2 0;
v000001aa2c06bdd0_0 .net "result", 7 0, v000001aa2c06bab0_0;  1 drivers
S_000001aa2c06d820 .scope module, "ins" "alu" 2 8, 3 1 0, S_000001aa2c06d690;
 .timescale 0 0;
    .port_info 0 /INPUT 8 "a";
    .port_info 1 /INPUT 8 "b";
    .port_info 2 /INPUT 3 "op";
    .port_info 3 /OUTPUT 1 "carry";
    .port_info 4 /OUTPUT 8 "result";
v000001aa2c067030_0 .net "a", 7 0, v000001aa2c06bb50_0;  1 drivers
v000001aa2c066c60_0 .net "b", 7 0, v000001aa2c06bbf0_0;  1 drivers
v000001aa2c06d9b0_0 .var "carry", 0 0;
v000001aa2c06da50_0 .net "op", 2 0, v000001aa2c06bd30_0;  1 drivers
v000001aa2c06bab0_0 .var "result", 7 0;
E_000001aa2c069d50 .event anyedge, v000001aa2c06da50_0, v000001aa2c067030_0, v000001aa2c066c60_0;
    .scope S_000001aa2c06d820;
T_0 ;
    %wait E_000001aa2c069d50;
    %pushi/vec4 0, 0, 1;
    %store/vec4 v000001aa2c06d9b0_0, 0, 1;
    %load/vec4 v000001aa2c06da50_0;
    %dup/vec4;
    %pushi/vec4 0, 0, 3;
    %cmp/u;
    %jmp/1 T_0.0, 6;
    %dup/vec4;
    %pushi/vec4 1, 0, 3;
    %cmp/u;
    %jmp/1 T_0.1, 6;
    %dup/vec4;
    %pushi/vec4 2, 0, 3;
    %cmp/u;
    %jmp/1 T_0.2, 6;
    %dup/vec4;
    %pushi/vec4 3, 0, 3;
    %cmp/u;
    %jmp/1 T_0.3, 6;
    %dup/vec4;
    %pushi/vec4 4, 0, 3;
    %cmp/u;
    %jmp/1 T_0.4, 6;
    %pushi/vec4 0, 0, 8;
    %store/vec4 v000001aa2c06bab0_0, 0, 8;
    %pushi/vec4 0, 0, 1;
    %store/vec4 v000001aa2c06d9b0_0, 0, 1;
    %jmp T_0.6;
T_0.0 ;
    %load/vec4 v000001aa2c067030_0;
    %pad/u 9;
    %load/vec4 v000001aa2c066c60_0;
    %pad/u 9;
    %add;
    %split/vec4 8;
    %store/vec4 v000001aa2c06bab0_0, 0, 8;
    %store/vec4 v000001aa2c06d9b0_0, 0, 1;
    %jmp T_0.6;
T_0.1 ;
    %load/vec4 v000001aa2c067030_0;
    %pad/u 9;
    %load/vec4 v000001aa2c066c60_0;
    %pad/u 9;
    %inv;
    %addi 1, 0, 9;
    %add;
    %split/vec4 8;
    %store/vec4 v000001aa2c06bab0_0, 0, 8;
    %store/vec4 v000001aa2c06d9b0_0, 0, 1;
    %jmp T_0.6;
T_0.2 ;
    %load/vec4 v000001aa2c067030_0;
    %load/vec4 v000001aa2c066c60_0;
    %and;
    %store/vec4 v000001aa2c06bab0_0, 0, 8;
    %jmp T_0.6;
T_0.3 ;
    %load/vec4 v000001aa2c067030_0;
    %load/vec4 v000001aa2c066c60_0;
    %or;
    %store/vec4 v000001aa2c06bab0_0, 0, 8;
    %jmp T_0.6;
T_0.4 ;
    %load/vec4 v000001aa2c067030_0;
    %load/vec4 v000001aa2c066c60_0;
    %xor;
    %store/vec4 v000001aa2c06bab0_0, 0, 8;
    %jmp T_0.6;
T_0.6 ;
    %pop/vec4 1;
    %jmp T_0;
    .thread T_0, $push;
    .scope S_000001aa2c06d690;
T_1 ;
    %pushi/vec4 0, 0, 3;
    %store/vec4 v000001aa2c06bd30_0, 0, 3;
    %pushi/vec4 10, 0, 8;
    %store/vec4 v000001aa2c06bb50_0, 0, 8;
    %pushi/vec4 100, 0, 8;
    %store/vec4 v000001aa2c06bbf0_0, 0, 8;
    %delay 10, 0;
    %pushi/vec4 1, 0, 3;
    %store/vec4 v000001aa2c06bd30_0, 0, 3;
    %pushi/vec4 10, 0, 8;
    %store/vec4 v000001aa2c06bb50_0, 0, 8;
    %pushi/vec4 90, 0, 8;
    %store/vec4 v000001aa2c06bbf0_0, 0, 8;
    %delay 10, 0;
    %pushi/vec4 1, 0, 3;
    %store/vec4 v000001aa2c06bd30_0, 0, 3;
    %pushi/vec4 110, 0, 8;
    %store/vec4 v000001aa2c06bb50_0, 0, 8;
    %pushi/vec4 100, 0, 8;
    %store/vec4 v000001aa2c06bbf0_0, 0, 8;
    %delay 10, 0;
    %pushi/vec4 2, 0, 3;
    %store/vec4 v000001aa2c06bd30_0, 0, 3;
    %pushi/vec4 98, 0, 8;
    %store/vec4 v000001aa2c06bb50_0, 0, 8;
    %pushi/vec4 198, 0, 8;
    %store/vec4 v000001aa2c06bbf0_0, 0, 8;
    %delay 10, 0;
    %pushi/vec4 3, 0, 3;
    %store/vec4 v000001aa2c06bd30_0, 0, 3;
    %pushi/vec4 110, 0, 8;
    %store/vec4 v000001aa2c06bb50_0, 0, 8;
    %pushi/vec4 30, 0, 8;
    %store/vec4 v000001aa2c06bbf0_0, 0, 8;
    %delay 10, 0;
    %pushi/vec4 4, 0, 3;
    %store/vec4 v000001aa2c06bd30_0, 0, 3;
    %pushi/vec4 120, 0, 8;
    %store/vec4 v000001aa2c06bb50_0, 0, 8;
    %pushi/vec4 123, 0, 8;
    %store/vec4 v000001aa2c06bbf0_0, 0, 8;
    %delay 10, 0;
    %vpi_call 2 17 "$finish" {0 0 0};
    %end;
    .thread T_1;
    .scope S_000001aa2c06d690;
T_2 ;
    %vpi_call 2 21 "$monitor", "t=%0t a=%b b=%b op=%b result=%b carry=%b", $time, v000001aa2c06bb50_0, v000001aa2c06bbf0_0, v000001aa2c06bd30_0, v000001aa2c06bdd0_0, v000001aa2c06bc90_0 {0 0 0};
    %end;
    .thread T_2;
    .scope S_000001aa2c06d690;
T_3 ;
    %vpi_call 2 25 "$dumpfile", "wave.vcd" {0 0 0};
    %vpi_call 2 26 "$dumpvars", 32'sb00000000000000000000000000000000, S_000001aa2c06d690 {0 0 0};
    %end;
    .thread T_3;
# The file index is used to find the file name in the following table.
:file_names 4;
    "N/A";
    "<interactive>";
    "alu_tb.v";
    "alu.v";
