#! /c/Source/iverilog-install/bin/vvp
:ivl_version "12.0 (devel)" "(s20150603-1539-g2693dd32b)";
:ivl_delay_selection "TYPICAL";
:vpi_time_precision + 0;
:vpi_module "C:\iverilog\lib\ivl\system.vpi";
:vpi_module "C:\iverilog\lib\ivl\vhdl_sys.vpi";
:vpi_module "C:\iverilog\lib\ivl\vhdl_textio.vpi";
:vpi_module "C:\iverilog\lib\ivl\v2005_math.vpi";
:vpi_module "C:\iverilog\lib\ivl\va_math.vpi";
S_00000226aa66bc90 .scope module, "uni_tb" "uni_tb" 2 1;
 .timescale 0 0;
v00000226aa666ba0_0 .var "clk", 0 0;
v00000226aa666c40_0 .var "d_in", 3 0;
v00000226aa552e80_0 .var "op", 1 0;
v00000226aa552f20_0 .net "q", 3 0, v00000226aa6669c0_0;  1 drivers
v00000226aa5537d0_0 .var "reset", 0 0;
v00000226aa553870_0 .var "s_in", 0 0;
S_00000226aa66be20 .scope module, "ins" "uni" 2 9, 3 1 0, S_00000226aa66bc90;
 .timescale 0 0;
    .port_info 0 /INPUT 1 "clk";
    .port_info 1 /INPUT 1 "reset";
    .port_info 2 /INPUT 2 "op";
    .port_info 3 /INPUT 4 "d_in";
    .port_info 4 /INPUT 1 "s_in";
    .port_info 5 /OUTPUT 4 "q";
v00000226aa666ee0_0 .net "clk", 0 0, v00000226aa666ba0_0;  1 drivers
v00000226aa666880_0 .net "d_in", 3 0, v00000226aa666c40_0;  1 drivers
v00000226aa666920_0 .net "op", 1 0, v00000226aa552e80_0;  1 drivers
v00000226aa6669c0_0 .var "q", 3 0;
v00000226aa666a60_0 .net "reset", 0 0, v00000226aa5537d0_0;  1 drivers
v00000226aa666b00_0 .net "s_in", 0 0, v00000226aa553870_0;  1 drivers
E_00000226aa544720 .event posedge, v00000226aa666a60_0, v00000226aa666ee0_0;
    .scope S_00000226aa66be20;
T_0 ;
    %wait E_00000226aa544720;
    %load/vec4 v00000226aa666a60_0;
    %flag_set/vec4 8;
    %jmp/0xz  T_0.0, 8;
    %pushi/vec4 0, 0, 4;
    %assign/vec4 v00000226aa6669c0_0, 0;
    %jmp T_0.1;
T_0.0 ;
    %load/vec4 v00000226aa666920_0;
    %dup/vec4;
    %pushi/vec4 0, 0, 2;
    %cmp/u;
    %jmp/1 T_0.2, 6;
    %dup/vec4;
    %pushi/vec4 1, 0, 2;
    %cmp/u;
    %jmp/1 T_0.3, 6;
    %dup/vec4;
    %pushi/vec4 2, 0, 2;
    %cmp/u;
    %jmp/1 T_0.4, 6;
    %dup/vec4;
    %pushi/vec4 3, 0, 2;
    %cmp/u;
    %jmp/1 T_0.5, 6;
    %jmp T_0.6;
T_0.2 ;
    %load/vec4 v00000226aa6669c0_0;
    %assign/vec4 v00000226aa6669c0_0, 0;
    %jmp T_0.6;
T_0.3 ;
    %load/vec4 v00000226aa6669c0_0;
    %parti/s 3, 0, 2;
    %load/vec4 v00000226aa666b00_0;
    %concat/vec4; draw_concat_vec4
    %assign/vec4 v00000226aa6669c0_0, 0;
    %jmp T_0.6;
T_0.4 ;
    %load/vec4 v00000226aa666b00_0;
    %load/vec4 v00000226aa6669c0_0;
    %parti/s 3, 1, 2;
    %concat/vec4; draw_concat_vec4
    %assign/vec4 v00000226aa6669c0_0, 0;
    %jmp T_0.6;
T_0.5 ;
    %load/vec4 v00000226aa666880_0;
    %assign/vec4 v00000226aa6669c0_0, 0;
    %jmp T_0.6;
T_0.6 ;
    %pop/vec4 1;
T_0.1 ;
    %jmp T_0;
    .thread T_0;
    .scope S_00000226aa66bc90;
T_1 ;
    %pushi/vec4 0, 0, 1;
    %store/vec4 v00000226aa666ba0_0, 0, 1;
T_1.0 ;
    %delay 5, 0;
    %load/vec4 v00000226aa666ba0_0;
    %inv;
    %store/vec4 v00000226aa666ba0_0, 0, 1;
    %jmp T_1.0;
    %end;
    .thread T_1;
    .scope S_00000226aa66bc90;
T_2 ;
    %pushi/vec4 1, 0, 1;
    %store/vec4 v00000226aa5537d0_0, 0, 1;
    %pushi/vec4 0, 0, 1;
    %store/vec4 v00000226aa553870_0, 0, 1;
    %pushi/vec4 0, 0, 4;
    %store/vec4 v00000226aa666c40_0, 0, 4;
    %pushi/vec4 0, 0, 2;
    %store/vec4 v00000226aa552e80_0, 0, 2;
    %delay 10, 0;
    %pushi/vec4 0, 0, 1;
    %store/vec4 v00000226aa5537d0_0, 0, 1;
    %pushi/vec4 9, 0, 4;
    %store/vec4 v00000226aa666c40_0, 0, 4;
    %pushi/vec4 3, 0, 2;
    %store/vec4 v00000226aa552e80_0, 0, 2;
    %delay 10, 0;
    %pushi/vec4 1, 0, 1;
    %store/vec4 v00000226aa553870_0, 0, 1;
    %pushi/vec4 1, 0, 2;
    %store/vec4 v00000226aa552e80_0, 0, 2;
    %delay 10, 0;
    %pushi/vec4 1, 0, 2;
    %store/vec4 v00000226aa552e80_0, 0, 2;
    %delay 10, 0;
    %pushi/vec4 0, 0, 2;
    %store/vec4 v00000226aa552e80_0, 0, 2;
    %delay 10, 0;
    %pushi/vec4 1, 0, 1;
    %store/vec4 v00000226aa553870_0, 0, 1;
    %pushi/vec4 2, 0, 2;
    %store/vec4 v00000226aa552e80_0, 0, 2;
    %delay 10, 0;
    %pushi/vec4 0, 0, 1;
    %store/vec4 v00000226aa553870_0, 0, 1;
    %pushi/vec4 2, 0, 2;
    %store/vec4 v00000226aa552e80_0, 0, 2;
    %delay 10, 0;
    %vpi_call 2 46 "$finish" {0 0 0};
    %end;
    .thread T_2;
    .scope S_00000226aa66bc90;
T_3 ;
    %vpi_call 2 51 "$monitor", "t=%0t q=%b op=%b s_in=%b", $time, v00000226aa552f20_0, v00000226aa552e80_0, v00000226aa553870_0 {0 0 0};
    %end;
    .thread T_3;
    .scope S_00000226aa66bc90;
T_4 ;
    %vpi_call 2 56 "$dumpfile", "wave.vcd" {0 0 0};
    %vpi_call 2 57 "$dumpvars", 32'sb00000000000000000000000000000000, S_00000226aa66bc90 {0 0 0};
    %end;
    .thread T_4;
# The file index is used to find the file name in the following table.
:file_names 4;
    "N/A";
    "<interactive>";
    "uni_tb.v";
    "uni.v";
